2026-03-25 22:32:24.039 | 2026-03-25 17:32:24 💤 Skipping token bridge transfer observation. Pallet not configured.
2026-03-25 22:32:24.040 | 2026-03-25 17:32:24 🙌 Starting consensus session on top of parent 0x4e2db8d569625dcc08e371ee7354f0413db86cb87fcf234ca10734bd505eeeeb (#78)
2026-03-25 22:32:24.040 | 2026-03-25 17:32:24 🎁 Prepared block for proposing at 79 (3 ms) hash: 0xbb6eb3152ce329380491ba9844052c9e187aa1285f6cacbba7c7f4cb68e0b6c3; parent_hash: 0x4e2d…eeeb; end: NoMoreTransactions; extrinsics_count: 3
2026-03-25 22:32:24.040 | 2026-03-25 17:32:24 🔖 Pre-sealed block for proposal at 79. Hash now 0x5b949bfa6f1191d3e62b6ed0073c1b46649f187c16efeba2bf58c57b51b0157b, previously 0xbb6eb3152ce329380491ba9844052c9e187aa1285f6cacbba7c7f4cb68e0b6c3.
2026-03-25 22:32:24.040 | 2026-03-25 17:32:24 🏆 Imported #79 (0x4e2d…eeeb → 0x5b94…157b)
2026-03-25 22:32:24.040 | 2026-03-25 17:32:24 maintain txs=(0, 0) a=1 i=3 views=[(79, 0, 0)] event=NewBestBlock { hash: 0x5b949bfa6f1191d3e62b6ed0073c1b46649f187c16efeba2bf58c57b51b0157b, tree_route: None } duration=227.273µs
2026-03-25 22:32:24.550 | 2026-03-25 17:32:24 💤 Idle (0 peers), best: #79 (0x5b94…157b), finalized #76 (0x9af6…fcf7), ⬇ 0 ⬆ 0
2026-03-25 22:32:25.672 | 2026-03-25 17:32:25 maintain txs=(0, 0) a=1 i=2 views=[(79, 0, 0)] event=Finalized { hash: 0xa207f9ec3962063201966caba3df9df256253efd1dba6b192026e0b65836d877, tree_route: [] } duration=105.987µs
2026-03-25 22:32:28.221 | 2026-03-25 17:32:28 📋 Validated transaction 00948b64a59d4a9309db8c1abb9fdb01fa6676d73920555853cec86c7231137d for mempool
2026-03-25 22:32:29.547 | 2026-03-25 17:32:29 💤 Idle (0 peers), best: #79 (0x5b94…157b), finalized #77 (0xa207…d877), ⬇ 0 ⬆ 0
2026-03-25 22:32:30.006 | 2026-03-25 17:32:30 💤 Skipping token bridge transfer observation. Pallet not configured.
2026-03-25 22:32:30.006 | 2026-03-25 17:32:30 🙌 Starting consensus session on top of parent 0x5b949bfa6f1191d3e62b6ed0073c1b46649f187c16efeba2bf58c57b51b0157b (#79)
2026-03-25 22:32:30.057 | 2026-03-25 17:32:30 📥 Applying transaction 00948b64a59d4a9309db8c1abb9fdb01fa6676d73920555853cec86c7231137d
2026-03-25 22:32:30.057 | 2026-03-25 17:32:30 🎁 Prepared block for proposing at 80 (33 ms) hash: 0xa7fea54608493087583cf146a304f271068995ee2bd9f15aeb30539b9faf295f; parent_hash: 0x5b94…157b; end: NoMoreTransactions; extrinsics_count: 4
2026-03-25 22:32:30.057 | 2026-03-25 17:32:30 🔖 Pre-sealed block for proposal at 80. Hash now 0x218931322be54df112e2bbc861b128ab23cb7d12a1fff5c8c504e2efbfb9d0f7, previously 0xa7fea54608493087583cf146a304f271068995ee2bd9f15aeb30539b9faf295f.
2026-03-25 22:32:30.057 | 2026-03-25 17:32:30 🏆 Imported #80 (0x5b94…157b → 0x2189…d0f7)
2026-03-25 22:32:30.057 | 2026-03-25 17:32:30 maintain txs=(0, 1) a=1 i=3 views=[(80, 0, 0)] event=NewBestBlock { hash: 0x218931322be54df112e2bbc861b128ab23cb7d12a1fff5c8c504e2efbfb9d0f7, tree_route: None } duration=2.171543ms
2026-03-25 22:32:31.026 | 2026-03-25 17:32:30 maintain txs=(0, 1) a=1 i=2 views=[(80, 0, 0)] event=Finalized { hash: 0x4e2db8d569625dcc08e371ee7354f0413db86cb87fcf234ca10734bd505eeeeb, tree_route: [] } duration=169.736µs
2026-03-25 22:32:34.545 | 2026-03-25 17:32:34 💤 Idle (0 peers), best: #80 (0x2189…d0f7), finalized #78 (0x4e2d…eeeb), ⬇ 0 ⬆ 0
2026-03-25 22:32:36.024 | 2026-03-25 17:32:36 💤 Skipping token bridge transfer observation. Pallet not configured.
2026-03-25 22:32:36.024 | 2026-03-25 17:32:36 🙌 Starting consensus session on top of parent 0x218931322be54df112e2bbc861b128ab23cb7d12a1fff5c8c504e2efbfb9d0f7 (#80)
2026-03-25 22:32:36.024 | 2026-03-25 17:32:36 🎁 Prepared block for proposing at 81 (4 ms) hash: 0xf20a282e0f0cd159012676b8dd17f6edf2b98e87c4288ecf339ae2b3c23cad55; parent_hash: 0x2189…d0f7; end: NoMoreTransactions; extrinsics_count: 3
2026-03-25 22:32:36.024 | 2026-03-25 17:32:36 🔖 Pre-sealed block for proposal at 81. Hash now 0x5e8604ee9c8701cbe767eb31110df30a096f172d48955dc57ad777756224d782, previously 0xf20a282e0f0cd159012676b8dd17f6edf2b98e87c4288ecf339ae2b3c23cad55.
2026-03-25 22:32:36.024 | 2026-03-25 17:32:36 🏆 Imported #81 (0x2189…d0f7 → 0x5e86…d782)
2026-03-25 22:32:36.024 | 2026-03-25 17:32:36 maintain txs=(0, 1) a=1 i=3 views=[(81, 0, 0)] event=NewBestBlock { hash: 0x5e8604ee9c8701cbe767eb31110df30a096f172d48955dc57ad777756224d782, tree_route: None } duration=230.98µs
2026-03-25 22:32:37.706 | 2026-03-25 17:32:37 maintain txs=(0, 1) a=1 i=2 views=[(81, 0, 0)] event=Finalized { hash: 0x5b949bfa6f1191d3e62b6ed0073c1b46649f187c16efeba2bf58c57b51b0157b, tree_route: [] } duration=139.209µs
2026-03-25 22:32:39.542 | 2026-03-25 17:32:39 💤 Idle (0 peers), best: #81 (0x5e86…d782), finalized #79 (0x5b94…157b), ⬇ 0 ⬆ 0
2026-03-25 22:32:42.040 | 2026-03-25 17:32:42 💤 Skipping token bridge transfer observation. Pallet not configured.
2026-03-25 22:32:42.041 | 2026-03-25 17:32:42 🙌 Starting consensus session on top of parent 0x5e8604ee9c8701cbe767eb31110df30a096f172d48955dc57ad777756224d782 (#81)
2026-03-25 22:32:42.041 | 2026-03-25 17:32:42 🎁 Prepared block for proposing at 82 (3 ms) hash: 0xa194df769095288acdc22ef02d500e63fc7e1446db4d9f6da08173891f2df996; parent_hash: 0x5e86…d782; end: NoMoreTransactions; extrinsics_count: 3
2026-03-25 22:32:42.041 | 2026-03-25 17:32:42 🔖 Pre-sealed block for proposal at 82. Hash now 0xb2b013eecf57ceec218a88f0b800add63aa6d291ae43202647ce5a7496d4b678, previously 0xa194df769095288acdc22ef02d500e63fc7e1446db4d9f6da08173891f2df996.
2026-03-25 22:32:42.041 | 2026-03-25 17:32:42 🏆 Imported #82 (0x5e86…d782 → 0xb2b0…b678)
2026-03-25 22:32:42.041 | 2026-03-25 17:32:42 maintain txs=(0, 1) a=1 i=3 views=[(82, 0, 0)] event=NewBestBlock { hash: 0xb2b013eecf57ceec218a88f0b800add63aa6d291ae43202647ce5a7496d4b678, tree_route: None } duration=463.713µs
2026-03-25 22:32:43.009 | 2026-03-25 17:32:42 maintain txs=(0, 0) a=1 i=2 views=[(82, 0, 0)] event=Finalized { hash: 0x218931322be54df112e2bbc861b128ab23cb7d12a1fff5c8c504e2efbfb9d0f7, tree_route: [] } duration=156.311µs
2026-03-25 22:32:44.540 | 2026-03-25 17:32:44 💤 Idle (0 peers), best: #82 (0xb2b0…b678), finalized #80 (0x2189…d0f7), ⬇ 0 ⬆ 0